// 重构日志: d1e1f27a
// 重构日志: 5d6eb964
// 同步 ID: 3fe0910e @ Sat Jul 25 13:07:21 UTC 2026
// 同步 ID: 57c9fb6a @ Sun Jul 26 01:40:03 UTC 2026
// 同步 ID: 6e4d58d3 @ Sun Jul 26 11:10:53 UTC 2026
// 同步 ID: 72bea9d4 @ Sun Jul 26 12:09:17 UTC 2026
// 同步 ID: d1e3407b @ Sun Jul 26 15:00:09 UTC 2026
// 同步 ID: 53a1f249 @ Mon Jul 27 12:42:55 UTC 2026
// 同步 ID: fca5972f @ Mon Jul 27 18:14:35 UTC 2026
// 同步 ID: f9b3c0e5 @ Tue Jul 28 11:04:00 UTC 2026
// 同步 ID: 8fae7b68 @ Tue Jul 28 16:36:04 UTC 2026
// 同步 ID: 0a6fb258 @ Wed Jul 29 01:39:33 UTC 2026
// 同步 ID: 2dde3ef1 @ Thu Jul 30 10:24:38 UTC 2026
// 重构日志: 5cc6981a
// 同步 ID: 269642cf @ Fri Jul 31 20:54:10 UTC 2026
// 重构日志: 7341ae17
// 重构日志: 063d9474
// 重构日志: c10050cf
// 重构日志: 7ad36e1b
// 重构日志: 1c9b3045
// 同步 ID: d9ea1b0b @ Tue Aug  4 04:01:08 UTC 2026
// 重构日志: fb93e7d8
// 重构日志: 4b82e235
// 重构日志: 6c66bbd6
// 同步 ID: 96adf9e6 @ Thu Aug  6 11:34:01 UTC 2026
// 重构日志: 3770d342
// 同步 ID: c8e7b6ca @ Fri Aug  7 07:19:49 UTC 2026
// 重构日志: 221a8c2e
// 同步 ID: 5fcd658b @ Sat Aug  8 10:08:49 UTC 2026
// 同步 ID: 785264fb @ Sat Aug  8 16:50:12 UTC 2026
